D:\code\app\java\lin\util\src\main\java\lin\util\GUID.java
D:\code\app\java\lin\util\src\main\java\lin\util\thread\AutoResetEvent.java
D:\code\app\java\lin\util\src\main\java\lin\LinException.java
D:\code\app\java\lin\util\src\main\java\lin\util\json\JSONUtil.java
D:\code\app\java\lin\util\src\main\java\lin\util\json\JSON.java
D:\code\app\java\lin\util\src\main\java\lin\util\Properties.java
D:\code\app\java\lin\util\src\main\java\lin\util\ClassUtils.java
D:\code\app\java\lin\util\src\main\java\lin\util\reflect\ClassUtils.java
D:\code\app\java\lin\util\src\main\java\lin\util\json\JsonSerializer.java
D:\code\app\java\lin\util\src\main\java\lin\util\ThreadPool.java
D:\code\app\java\lin\util\src\main\java\lin\util\json\JSONToParameters.java
D:\code\app\java\lin\util\src\main\java\lin\util\thread\ActionExecute.java
D:\code\app\java\lin\util\src\main\java\lin\util\PropertyOperator.java
D:\code\app\java\lin\util\src\main\java\lin\util\Jar.java
D:\code\app\java\lin\util\src\main\java\lin\util\ReflectUtil.java
D:\code\app\java\lin\util\src\main\java\lin\util\json\JSONException.java
D:\code\app\java\lin\util\src\main\java\lin\util\reflect\PropertyOperator.java
D:\code\app\java\lin\util\src\main\java\lin\util\json\JSONWriter.java
D:\code\app\java\lin\util\src\main\java\lin\util\MD5.java
D:\code\app\java\lin\util\src\main\java\lin\util\json\PropertyType.java
D:\code\app\java\lin\util\src\main\java\lin\util\reflect\ReflectUtil.java
D:\code\app\java\lin\util\src\main\java\lin\util\json\SkipJson.java
D:\code\app\java\lin\util\src\main\java\lin\util\json\ValueSerializer.java
D:\code\app\java\lin\util\src\main\java\lin\util\Action.java
D:\code\app\java\lin\util\src\main\java\lin\util\Packages.java
D:\code\app\java\lin\util\src\main\java\lin\util\IDGener.java
D:\code\app\java\lin\util\src\main\java\lin\util\json\JSONReader.java
